limits: repetitions=3 per_command_s=60 suite_s=600 volume_bytes=134217728 backing_bytes=1073741824
repetition: 1/3
fixture: /tmp/my-block-storage-ublk.53369.0 identity=52:10392
command commit at_ms=0: "git" ["rev-parse", "HEAD"]
--- stdout: /tmp/my-block-storage-ublk.53369.0/001-commit.stdout ---
b5a294a37a115f071958bcd54775ad24419ea0fd

--- end stdout ---
--- stderr: /tmp/my-block-storage-ublk.53369.0/001-commit.stderr ---

--- end stderr ---
command commit: outcome=Ok(Exit(ExitStatus(unix_wait_status(0)))) elapsed_ms=10 cleanup=Ok(())
command worktree at_ms=10: "git" ["status", "--short"]
--- stdout: /tmp/my-block-storage-ublk.53369.0/002-worktree.stdout ---
 M ADR-06-FILESYSTEM-AND-POSTGRESQL-CORRECTNESS.md
 M Makefile
 M RALPH.md
 M README.md
 M rust/src/bin/block-storage-lab/config.rs
 M rust/src/bin/block-storage-lab/evidence.rs
 M rust/src/bin/block-storage-lab/main.rs
 M rust/src/bin/block-storage-lab/process.rs
 M rust/src/bin/block-storage-lab/suite.rs
 M rust/src/bin/block-storage-lab/ublk.rs
 M rust/src/bin/block-storage-ublk.rs
?? BUG-EXT4-MOUNT-EOPNOTSUPP.md
?? GOAL-CORRECTNESS-AND-EXT4.md
?? evidence/
?? papers/
?? rust/src/bin/block-storage-lab/ext4/
?? rust/src/bin/block-storage-mount.rs
?? rust/src/bin/fs_support/
?? scripts/

--- end stdout ---
--- stderr: /tmp/my-block-storage-ublk.53369.0/002-worktree.stderr ---

--- end stderr ---
command worktree: outcome=Ok(Exit(ExitStatus(unix_wait_status(0)))) elapsed_ms=10 cleanup=Ok(())
command kernel at_ms=21: "uname" ["-srvm"]
--- stdout: /tmp/my-block-storage-ublk.53369.0/003-kernel.stdout ---
Linux 7.0.0-31-generic #31-Ubuntu SMP PREEMPT_DYNAMIC Sat Aug  1 04:26:38 UTC 2026 x86_64

--- end stdout ---
--- stderr: /tmp/my-block-storage-ublk.53369.0/003-kernel.stderr ---

--- end stderr ---
command kernel: outcome=Ok(Exit(ExitStatus(unix_wait_status(0)))) elapsed_ms=10 cleanup=Ok(())
binary: /home/miguel/play/my-block-storage/rust/target/debug/block-storage-lab bytes=7718424 xxh3=58b92f7324edd0eb
binary: /home/miguel/play/my-block-storage/rust/target/debug/block-storage-ublk bytes=20655928 xxh3=c0d7ab528c66e76e
command mkfs-version at_ms=237: "mkfs.ext4" ["-V"]
--- stdout: /tmp/my-block-storage-ublk.53369.0/004-mkfs-version.stdout ---

--- end stdout ---
--- stderr: /tmp/my-block-storage-ublk.53369.0/004-mkfs-version.stderr ---
mke2fs 1.47.2 (1-Jan-2025)
	Using EXT2FS Library version 1.47.2

--- end stderr ---
command mkfs-version: outcome=Ok(Exit(ExitStatus(unix_wait_status(0)))) elapsed_ms=11 cleanup=Ok(())
command e2fsck-version at_ms=248: "e2fsck" ["-V"]
--- stdout: /tmp/my-block-storage-ublk.53369.0/005-e2fsck-version.stdout ---

--- end stdout ---
--- stderr: /tmp/my-block-storage-ublk.53369.0/005-e2fsck-version.stderr ---
e2fsck 1.47.2 (1-Jan-2025)
	Using EXT2FS Library version 1.47.2, 1-Jan-2025

--- end stderr ---
command e2fsck-version: outcome=Ok(Exit(ExitStatus(unix_wait_status(0)))) elapsed_ms=11 cleanup=Ok(())
command helper-preflight at_ms=278: "sudo" ["-n", "--", "/usr/local/libexec/block-storage-mount", "check"]
--- stdout: /tmp/my-block-storage-ublk.53369.0/006-helper-preflight.stdout ---
block-storage-mount protocol=1 uid=1000

--- end stdout ---
--- stderr: /tmp/my-block-storage-ublk.53369.0/006-helper-preflight.stderr ---

--- end stderr ---
command helper-preflight: outcome=Ok(Exit(ExitStatus(unix_wait_status(0)))) elapsed_ms=11 cleanup=Ok(())
expected manifest:
a/stable bytes=262144 xxh3=6e47b07d2a3bfa8e
b/renamed bytes=70001 xxh3=d0dafc10c11ac040
absent: a/payload a/deleted

step: Format
command format at_ms=295: "/home/miguel/play/my-block-storage/rust/target/debug/block-storage-ublk" ["format", "/tmp/my-block-storage-ublk.53369.0/backing.img", "1073741824", "134217728"]
--- stdout: /tmp/my-block-storage-ublk.53369.0/007-format.stdout ---

--- end stdout ---
--- stderr: /tmp/my-block-storage-ublk.53369.0/007-format.stderr ---

--- end stderr ---
command format: outcome=Ok(Exit(ExitStatus(unix_wait_status(0)))) elapsed_ms=10 cleanup=Ok(())
step: Start
command serve at_ms=306: "/home/miguel/play/my-block-storage/rust/target/debug/block-storage-ublk" ["serve", "/tmp/my-block-storage-ublk.53369.0/backing.img", "-1"]
daemon pid=53380
result: FAIL daemon exited before readiness
failure cleanup: at most 60s plus bounded child reaping; backing and logs are retained
cleanup: daemon identity was not established; preserving process and image
preserved fixture: /tmp/my-block-storage-ublk.53369.0
