limits: repetitions=3 per_command_s=60 suite_s=600 volume_bytes=134217728 backing_bytes=1073741824
repetition: 1/3
fixture: /tmp/my-block-storage-ublk.57461.0 identity=52:11670
command commit at_ms=0: "git" ["rev-parse", "HEAD"]
--- stdout: /tmp/my-block-storage-ublk.57461.0/001-commit.stdout ---
b5a294a37a115f071958bcd54775ad24419ea0fd

--- end stdout ---
--- stderr: /tmp/my-block-storage-ublk.57461.0/001-commit.stderr ---

--- end stderr ---
command commit: outcome=Ok(Exit(ExitStatus(unix_wait_status(0)))) elapsed_ms=10 cleanup=Ok(())
command worktree at_ms=10: "git" ["status", "--short"]
--- stdout: /tmp/my-block-storage-ublk.57461.0/002-worktree.stdout ---
 M ADR-06-FILESYSTEM-AND-POSTGRESQL-CORRECTNESS.md
 M Makefile
 M RALPH.md
 M README.md
 M rust/src/bin/block-storage-lab/config.rs
 M rust/src/bin/block-storage-lab/evidence.rs
 M rust/src/bin/block-storage-lab/main.rs
 M rust/src/bin/block-storage-lab/process.rs
 M rust/src/bin/block-storage-lab/suite.rs
 M rust/src/bin/block-storage-lab/ublk.rs
 M rust/src/bin/block-storage-ublk.rs
?? BUG-EXT4-MOUNT-EOPNOTSUPP.md
?? GOAL-CORRECTNESS-AND-EXT4.md
?? evidence/
?? papers/
?? rust/src/bin/block-storage-lab/ext4/
?? rust/src/bin/block-storage-mount.rs
?? rust/src/bin/fs_support/
?? scripts/
?? tests-with-sqlite.txt

--- end stdout ---
--- stderr: /tmp/my-block-storage-ublk.57461.0/002-worktree.stderr ---

--- end stderr ---
command worktree: outcome=Ok(Exit(ExitStatus(unix_wait_status(0)))) elapsed_ms=10 cleanup=Ok(())
command kernel at_ms=21: "uname" ["-srvm"]
--- stdout: /tmp/my-block-storage-ublk.57461.0/003-kernel.stdout ---
Linux 7.0.0-31-generic #31-Ubuntu SMP PREEMPT_DYNAMIC Sat Aug  1 04:26:38 UTC 2026 x86_64

--- end stdout ---
--- stderr: /tmp/my-block-storage-ublk.57461.0/003-kernel.stderr ---

--- end stderr ---
command kernel: outcome=Ok(Exit(ExitStatus(unix_wait_status(0)))) elapsed_ms=10 cleanup=Ok(())
binary: /home/miguel/play/my-block-storage/rust/target/debug/block-storage-lab bytes=19814768 xxh3=3b0bddfe11193c97
binary: /home/miguel/play/my-block-storage/rust/target/debug/block-storage-ublk bytes=20655928 xxh3=c0d7ab528c66e76e
command mkfs-version at_ms=320: "mkfs.ext4" ["-V"]
--- stdout: /tmp/my-block-storage-ublk.57461.0/004-mkfs-version.stdout ---

--- end stdout ---
--- stderr: /tmp/my-block-storage-ublk.57461.0/004-mkfs-version.stderr ---
mke2fs 1.47.2 (1-Jan-2025)
	Using EXT2FS Library version 1.47.2

--- end stderr ---
command mkfs-version: outcome=Ok(Exit(ExitStatus(unix_wait_status(0)))) elapsed_ms=11 cleanup=Ok(())
command e2fsck-version at_ms=331: "e2fsck" ["-V"]
--- stdout: /tmp/my-block-storage-ublk.57461.0/005-e2fsck-version.stdout ---

--- end stdout ---
--- stderr: /tmp/my-block-storage-ublk.57461.0/005-e2fsck-version.stderr ---
e2fsck 1.47.2 (1-Jan-2025)
	Using EXT2FS Library version 1.47.2, 1-Jan-2025

--- end stderr ---
command e2fsck-version: outcome=Ok(Exit(ExitStatus(unix_wait_status(0)))) elapsed_ms=11 cleanup=Ok(())
command helper-preflight at_ms=360: "sudo" ["-n", "--", "/usr/local/libexec/block-storage-mount", "check"]
--- stdout: /tmp/my-block-storage-ublk.57461.0/006-helper-preflight.stdout ---
block-storage-mount protocol=1 uid=1000

--- end stdout ---
--- stderr: /tmp/my-block-storage-ublk.57461.0/006-helper-preflight.stderr ---

--- end stderr ---
command helper-preflight: outcome=Ok(Exit(ExitStatus(unix_wait_status(0)))) elapsed_ms=21 cleanup=Ok(())
expected manifest:
a/stable bytes=262144 xxh3=6e47b07d2a3bfa8e
b/renamed bytes=70001 xxh3=d0dafc10c11ac040
absent: a/payload a/deleted

step: Format
command format at_ms=388: "/home/miguel/play/my-block-storage/rust/target/debug/block-storage-ublk" ["format", "/tmp/my-block-storage-ublk.57461.0/backing.img", "1073741824", "134217728"]
--- stdout: /tmp/my-block-storage-ublk.57461.0/007-format.stdout ---

--- end stdout ---
--- stderr: /tmp/my-block-storage-ublk.57461.0/007-format.stderr ---

--- end stderr ---
command format: outcome=Ok(Exit(ExitStatus(unix_wait_status(0)))) elapsed_ms=11 cleanup=Ok(())
step: Start
command serve at_ms=399: "/home/miguel/play/my-block-storage/rust/target/debug/block-storage-ublk" ["serve", "/tmp/my-block-storage-ublk.57461.0/backing.img", "-1"]
daemon pid=57472
device: /dev/ublkb0 number=(259, 4) class=25:74962 node=7:1430
queue/logical_block_size: 4096
queue/physical_block_size: 4096
queue/max_sectors_kb: 4
result: FAIL daemon rejected a request or panicked; inspect preserved daemon stderr
failure cleanup: at most 60s plus bounded child reaping; backing and logs are retained
kernel block I/O counters before stop: 326        0     2608        5        0        0        0        0        0        4        5        0        0        0        0        0        0
daemon SIGTERM: Exit(ExitStatus(unix_wait_status(0)))
--- daemon stdout: /tmp/my-block-storage-ublk.57461.0/008-daemon.stdout ---
/dev/ublkb0

--- end daemon stdout ---
--- daemon stderr: /tmp/my-block-storage-ublk.57461.0/008-daemon.stderr ---
request rejected: op_flags=0x700 start_sector=0 nr_sectors=8 errno=-95
request rejected: op_flags=0x700 start_sector=262016 nr_sectors=8 errno=-95
request rejected: op_flags=0x700 start_sector=262128 nr_sectors=8 errno=-95
request rejected: op_flags=0x700 start_sector=8 nr_sectors=8 errno=-95
request rejected: op_flags=0x700 start_sector=262136 nr_sectors=8 errno=-95
request rejected: op_flags=0x700 start_sector=261880 nr_sectors=8 errno=-95
request rejected: op_flags=0x700 start_sector=262080 nr_sectors=8 errno=-95
request rejected: op_flags=0x700 start_sector=261888 nr_sectors=8 errno=-95
request rejected: op_flags=0x700 start_sector=261744 nr_sectors=8 errno=-95
request rejected: op_flags=0x700 start_sector=261552 nr_sectors=8 errno=-95
request rejected: op_flags=0x700 start_sector=261464 nr_sectors=8 errno=-95
request rejected: op_flags=0x700 start_sector=261408 nr_sectors=8 errno=-95
request rejected: op_flags=0x700 start_sector=261232 nr_sectors=8 errno=-95
request rejected: op_flags=0x700 start_sector=261168 nr_sectors=8 errno=-95
request rejected: op_flags=0x700 start_sector=261152 nr_sectors=8 errno=-95
request rejected: op_flags=0x700 start_sector=261192 nr_sectors=8 errno=-95
request rejected: op_flags=0x700 start_sector=259056 nr_sectors=8 errno=-95
request rejected: op_flags=0x700 start_sector=4096 nr_sectors=8 errno=-95
request rejected: op_flags=0x700 start_sector=260096 nr_sectors=8 errno=-95
request rejected: op_flags=0x700 start_sector=32 nr_sectors=8 errno=-95
request rejected: op_flags=0x700 start_sector=64 nr_sectors=8 errno=-95
request rejected: op_flags=0x700 start_sector=128 nr_sectors=8 errno=-95
request rejected: op_flags=0x700 start_sector=256 nr_sectors=8 errno=-95
request rejected: op_flags=0x700 start_sector=512 nr_sectors=8 errno=-95
request rejected: op_flags=0x700 start_sector=1024 nr_sectors=8 errno=-95
request rejected: op_flags=0x700 start_sector=2048 nr_sectors=8 errno=-95
request rejected: op_flags=0x700 start_sector=8192 nr_sectors=8 errno=-95
request rejected: op_flags=0x700 start_sector=24 nr_sectors=8 errno=-95
request rejected: op_flags=0x700 start_sector=56 nr_sectors=8 errno=-95
request rejected: op_flags=0x700 start_sector=120 nr_sectors=8 errno=-95
request rejected: op_flags=0x700 start_sector=16 nr_sectors=8 errno=-95
request rejected: op_flags=0x700 start_sector=40 nr_sectors=8 errno=-95
request rejected: op_flags=0x700 start_sector=48 nr_sectors=8 errno=-95
request rejected: op_flags=0x700 start_sector=72 nr_sectors=8 errno=-95
request rejected: op_flags=0x700 start_sector=80 nr_sectors=8 errno=-95
request rejected: op_flags=0x700 start_sector=88 nr_sectors=8 errno=-95
request rejected: op_flags=0x700 start_sector=96 nr_sectors=8 errno=-95
request rejected: op_flags=0x700 start_sector=104 nr_sectors=8 errno=-95
request rejected: op_flags=0x700 start_sector=112 nr_sectors=8 errno=-95
request rejected: op_flags=0x700 start_sector=136 nr_sectors=8 errno=-95
request rejected: op_flags=0x700 start_sector=144 nr_sectors=8 errno=-95
request rejected: op_flags=0x700 start_sector=152 nr_sectors=8 errno=-95
request rejected: op_flags=0x700 start_sector=160 nr_sectors=8 errno=-95
request rejected: op_flags=0x700 start_sector=168 nr_sectors=8 errno=-95
request rejected: op_flags=0x700 start_sector=176 nr_sectors=8 errno=-95
request rejected: op_flags=0x700 start_sector=184 nr_sectors=8 errno=-95
request rejected: op_flags=0x700 start_sector=192 nr_sectors=8 errno=-95
request rejected: op_flags=0x700 start_sector=200 nr_sectors=8 errno=-95
request rejected: op_flags=0x700 start_sector=208 nr_sectors=8 errno=-95
request rejected: op_flags=0x700 start_sector=216 nr_sectors=8 errno=-95
request rejected: op_flags=0x700 start_sector=224 nr_sectors=8 errno=-95
request rejected: op_flags=0x700 start_sector=232 nr_sectors=8 errno=-95
request rejected: op_flags=0x700 start_sector=240 nr_sectors=8 errno=-95
request rejected: op_flags=0x700 start_sector=248 nr_sectors=8 errno=-95
request rejected: op_flags=0x700 start_sector=264 nr_sectors=8 errno=-95
request rejected: op_flags=0x700 start_sector=272 nr_sectors=8 errno=-95
request rejected: op_flags=0x700 start_sector=280 nr_sectors=8 errno=-95
request rejected: op_flags=0x700 start_sector=288 nr_sectors=8 errno=-95
request rejected: op_flags=0x700 start_sector=296 nr_sectors=8 errno=-95
request rejected: op_flags=0x700 start_sector=304 nr_sectors=8 errno=-95
request rejected: op_flags=0x700 start_sector=312 nr_sectors=8 errno=-95
request rejected: op_flags=0x700 start_sector=320 nr_sectors=8 errno=-95
request rejected: op_flags=0x700 start_sector=328 nr_sectors=8 errno=-95
request rejected: op_flags=0x700 start_sector=336 nr_sectors=8 errno=-95
request rejected: op_flags=0x700 start_sector=344 nr_sectors=8 errno=-95
request rejected: op_flags=0x700 start_sector=352 nr_sectors=8 errno=-95
request rejected: op_flags=0x700 start_sector=360 nr_sectors=8 errno=-95
request rejected: op_flags=0x700 start_sector=368 nr_sectors=8 errno=-95
request rejected: op_flags=0x700 start_sector=376 nr_sectors=8 errno=-95
request rejected: op_flags=0x700 start_sector=384 nr_sectors=8 errno=-95
request rejected: op_flags=0x700 start_sector=392 nr_sectors=8 errno=-95
request rejected: op_flags=0x700 start_sector=400 nr_sectors=8 errno=-95
request rejected: op_flags=0x700 start_sector=408 nr_sectors=8 errno=-95
request rejected: op_flags=0x700 start_sector=416 nr_sectors=8 errno=-95
request rejected: op_flags=0x700 start_sector=424 nr_sectors=8 errno=-95
request rejected: op_flags=0x700 start_sector=432 nr_sectors=8 errno=-95
request rejected: op_flags=0x700 start_sector=440 nr_sectors=8 errno=-95
request rejected: op_flags=0x700 start_sector=448 nr_sectors=8 errno=-95
request rejected: op_flags=0x700 start_sector=456 nr_sectors=8 errno=-95
request rejected: op_flags=0x700 start_sector=464 nr_sectors=8 errno=-95
request rejected: op_flags=0x700 start_sector=472 nr_sectors=8 errno=-95
request rejected: op_flags=0x700 start_sector=480 nr_sectors=8 errno=-95
request rejected: op_flags=0x700 start_sector=488 nr_sectors=8 errno=-95
request rejected: op_flags=0x700 start_sector=496 nr_sectors=8 errno=-95
request rejected: op_flags=0x700 start_sector=504 nr_sectors=8 errno=-95
request rejected: op_flags=0x700 start_sector=544 nr_sectors=8 errno=-95
request rejected: op_flags=0x700 start_sector=552 nr_sectors=8 errno=-95
request rejected: op_flags=0x700 start_sector=560 nr_sectors=8 errno=-95
request rejected: op_flags=0x700 start_sector=568 nr_sectors=8 errno=-95
request rejected: op_flags=0x700 start_sector=576 nr_sectors=8 errno=-95
request rejected: op_flags=0x700 start_sector=584 nr_sectors=8 errno=-95
request rejected: op_flags=0x700 start_sector=592 nr_sectors=8 errno=-95
request rejected: op_flags=0x700 start_sector=600 nr_sectors=8 errno=-95
request rejected: op_flags=0x700 start_sector=608 nr_sectors=8 errno=-95
request rejected: op_flags=0x700 start_sector=616 nr_sectors=8 errno=-95
request rejected: op_flags=0x700 start_sector=624 nr_sectors=8 errno=-95
request rejected: op_flags=0x700 start_sector=632 nr_sectors=8 errno=-95
request rejected: op_flags=0x700 start_sector=640 nr_sectors=8 errno=-95
request rejected: op_flags=0x700 start_sector=648 nr_sectors=8 errno=-95
request rejected: op_flags=0x700 start_sector=656 nr_sectors=8 errno=-95
request rejected: op_flags=0x700 start_sector=664 nr_sectors=8 errno=-95
request rejected: op_flags=0x700 start_sector=672 nr_sectors=8 errno=-95
request rejected: op_flags=0x700 start_sector=680 nr_sectors=8 errno=-95
request rejected: op_flags=0x700 start_sector=688 nr_sectors=8 errno=-95
request rejected: op_flags=0x700 start_sector=696 nr_sectors=8 errno=-95
request rejected: op_flags=0x700 start_sector=704 nr_sectors=8 errno=-95
request rejected: op_flags=0x700 start_sector=712 nr_sectors=8 errno=-95
request rejected: op_flags=0x700 start_sector=720 nr_sectors=8 errno=-95
request rejected: op_flags=0x700 start_sector=728 nr_sectors=8 errno=-95
request rejected: op_flags=0x700 start_sector=736 nr_sectors=8 errno=-95
request rejected: op_flags=0x700 start_sector=744 nr_sectors=8 errno=-95
request rejected: op_flags=0x700 start_sector=752 nr_sectors=8 errno=-95
request rejected: op_flags=0x700 start_sector=760 nr_sectors=8 errno=-95
request rejected: op_flags=0x700 start_sector=261160 nr_sectors=8 errno=-95
request rejected: op_flags=0x700 start_sector=261176 nr_sectors=8 errno=-95
request rejected: op_flags=0x700 start_sector=261184 nr_sectors=8 errno=-95
request rejected: op_flags=0x700 start_sector=261200 nr_sectors=8 errno=-95
request rejected: op_flags=0x700 start_sector=261208 nr_sectors=8 errno=-95
request rejected: op_flags=0x700 start_sector=261216 nr_sectors=8 errno=-95
request rejected: op_flags=0x700 start_sector=261224 nr_sectors=8 errno=-95
request rejected: op_flags=0x700 start_sector=261240 nr_sectors=8 errno=-95
request rejected: op_flags=0x700 start_sector=261248 nr_sectors=8 errno=-95
request rejected: op_flags=0x700 start_sector=261256 nr_sectors=8 errno=-95
request rejected: op_flags=0x700 start_sector=261264 nr_sectors=8 errno=-95
request rejected: op_flags=0x700 start_sector=261272 nr_sectors=8 errno=-95
request rejected: op_flags=0x700 start_sector=261280 nr_sectors=8 errno=-95
request rejected: op_flags=0x700 start_sector=261288 nr_sectors=8 errno=-95
request rejected: op_flags=0x700 start_sector=261296 nr_sectors=8 errno=-95
request rejected: op_flags=0x700 start_sector=261304 nr_sectors=8 errno=-95
request rejected: op_flags=0x700 start_sector=261312 nr_sectors=8 errno=-95
request rejected: op_flags=0x700 start_sector=261320 nr_sectors=8 errno=-95
request rejected: op_flags=0x700 start_sector=261328 nr_sectors=8 errno=-95
request rejected: op_flags=0x700 start_sector=261336 nr_sectors=8 errno=-95
request rejected: op_flags=0x700 start_sector=261344 nr_sectors=8 errno=-95
request rejected: op_flags=0x700 start_sector=261352 nr_sectors=8 errno=-95
request rejected: op_flags=0x700 start_sector=261360 nr_sectors=8 errno=-95
request rejected: op_flags=0x700 start_sector=261368 nr_sectors=8 errno=-95
request rejected: op_flags=0x700 start_sector=261664 nr_sectors=8 errno=-95
request rejected: op_flags=0x700 start_sector=261672 nr_sectors=8 errno=-95
request rejected: op_flags=0x700 start_sector=261680 nr_sectors=8 errno=-95
request rejected: op_flags=0x700 start_sector=261688 nr_sectors=8 errno=-95
request rejected: op_flags=0x700 start_sector=261696 nr_sectors=8 errno=-95
request rejected: op_flags=0x700 start_sector=261704 nr_sectors=8 errno=-95
request rejected: op_flags=0x700 start_sector=261712 nr_sectors=8 errno=-95
request rejected: op_flags=0x700 start_sector=261720 nr_sectors=8 errno=-95
request rejected: op_flags=0x700 start_sector=261728 nr_sectors=8 errno=-95
request rejected: op_flags=0x700 start_sector=261736 nr_sectors=8 errno=-95
request rejected: op_flags=0x700 start_sector=261752 nr_sectors=8 errno=-95
request rejected: op_flags=0x700 start_sector=261760 nr_sectors=8 errno=-95
request rejected: op_flags=0x700 start_sector=261768 nr_sectors=8 errno=-95
request rejected: op_flags=0x700 start_sector=261776 nr_sectors=8 errno=-95
request rejected: op_flags=0x700 start_sector=261784 nr_sectors=8 errno=-95
request rejected: op_flags=0x700 start_sector=261792 nr_sectors=8 errno=-95
request rejected: op_flags=0x700 start_sector=261800 nr_sectors=8 errno=-95
request rejected: op_flags=0x700 start_sector=261808 nr_sectors=8 errno=-95
request rejected: op_flags=0x700 start_sector=261816 nr_sectors=8 errno=-95
request rejected: op_flags=0x700 start_sector=261824 nr_sectors=8 errno=-95
request rejected: op_flags=0x700 start_sector=261832 nr_sectors=8 errno=-95
request rejected: op_flags=0x700 start_sector=261840 nr_sectors=8 errno=-95
request rejected: op_flags=0x700 start_sector=261848 nr_sectors=8 errno=-95
request rejected: op_flags=0x700 start_sector=261856 nr_sectors=8 errno=-95
request rejected: op_flags=0x700 start_sector=261864 nr_sectors=8 errno=-95
request rejected: op_flags=0x700 start_sector=261872 nr_sectors=8 errno=-95

--- end daemon stderr ---
cleanup: daemon rejected a request or panicked; inspect preserved daemon stderr
preserved fixture: /tmp/my-block-storage-ublk.57461.0
