commit: e635c5e4fa87882d477227d5c1ac832dcad61616
kernel: Linux 7.0.0-31-generic #31-Ubuntu SMP PREEMPT_DYNAMIC Sat Aug  1 04:26:38 UTC 2026 x86_64
command: make lint test
    Finished `dev` profile [unoptimized + debuginfo] target(s) in 0.06s
PASS [library] tests::checkpoint_replay::checkpoints_before_write_exceeding_replay_bound 0.121s
PASS [library] tests::checkpoint_replay::clean_checkpoint_maps_each_lba_to_latest_payload_and_checksum 0.061s
PASS [library] tests::checkpoint_replay::close_persists_clean_checkpoint_body_and_descriptor 0.050s
PASS [library] tests::checkpoint_replay::close_without_mapping_changes_does_not_publish_checkpoint 0.060s
PASS [library] tests::checkpoint_replay::equal_lsn_checkpoints_require_equivalent_mapping 0.060s
PASS [library] tests::checkpoint_replay::falls_back_from_corrupted_newest_checkpoint_body_and_replays_tail 0.080s
PASS [library] tests::checkpoint_replay::falls_back_from_corrupted_newest_descriptor_and_replays_tail 0.081s
PASS [library] tests::checkpoint_replay::flush_advances_durable_lsn 0.060s
PASS [library] tests::checkpoint_replay::log_full_write_does_not_publish_live_checkpoint 0.091s
PASS [library] tests::checkpoint_replay::reconstructs_every_recovery_cursor_from_replayed_state 0.071s
PASS [library] tests::checkpoint_replay::rejects_invalid_checkpoint_after_bytes_before_touching_backing 0.101s
PASS [library] tests::checkpoint_replay::rejects_two_unusable_checkpoint_roots_without_panic_or_mutation 0.081s
PASS [library] tests::format_geometry::format_validates_geometry_boundaries 0.060s
PASS [library] tests::format_geometry::format_writes_valid_empty_checkpoint_roots 0.071s
PASS [library] tests::format_geometry::open_reconstructs_empty_volume_and_requires_matching_roots 0.060s
PASS [library] tests::format_geometry::xxh3_matches_persistent_format_vectors 0.050s
PASS [library] tests::io_uring::destroys_ring_before_returning_permanent_wait_error 0.060s
PASS [library] tests::io_uring::direct_io_uring_write_survives_fsync_and_reopen 0.060s
PASS [library] tests::io_uring::waits_when_submission_succeeds_before_completion_exists 0.061s
PASS [library] tests::process_crash::crash_test_modes_select_smoke_and_exhaustive_work 0.060s
PASS [library] tests::process_crash::recover_after_checkpoint_body_fsync_boundary 0.082s
PASS [library] tests::process_crash::recover_after_descriptor_fsync_boundary 0.081s
PASS [library] tests::process_crash::recover_after_descriptor_write_boundary 0.070s
PASS [library] tests::process_crash::recover_after_each_checkpoint_body_block_boundary 0.101s
PASS [library] tests::process_crash::recover_after_kill_at_log_fsync_boundary 0.060s
PASS [library] tests::process_crash::recover_after_kill_at_mapping_publication_boundary 0.060s
PASS [library] tests::process_crash::recover_after_kill_at_record_write_boundary 0.060s
PASS [library] tests::process_crash::recover_after_uncaught_unwinding_panic_without_close 0.081s
PASS [library] tests::process_crash::recover_multiple_flushed_writes_and_overwrites_after_sigkill 0.081s
PASS [library] tests::process_crash::recover_one_flushed_write_after_sigkill_without_close 0.072s
PASS [library] tests::stale_tail::invalid_gap_stops_replay_and_clears_only_bounded_window 0.091s
PASS [library] tests::stale_tail::recover_after_each_stale_tail_clear_block_boundary 0.182s
PASS [library] tests::stale_tail::recover_after_stale_tail_fsync_boundary 0.101s
PASS [library] tests::stale_tail::recovery_accepts_every_format_one_payload_count 3.446s SLOW(>1s)
PASS [library] tests::stale_tail::rejects_invalid_footer_above_maximum_payloads 0.071s
PASS [library] tests::stale_tail::rejects_invalid_footer_declaring_position_beyond_backing 0.050s
PASS [library] tests::stale_tail::rejects_invalid_footer_with_duplicate_lbas 0.070s
PASS [library] tests::stale_tail::rejects_invalid_footer_with_nonzero_unused_checksum 0.081s
PASS [library] tests::stale_tail::rejects_invalid_footer_with_nonzero_unused_lba 0.070s
PASS [library] tests::stale_tail::rejects_invalid_footer_with_out_of_range_lba 0.070s
PASS [library] tests::stale_tail::rejects_invalid_footer_with_zero_payloads 0.070s
PASS [library] tests::stale_tail::stale_tail_clear_stops_at_backing_eof 0.071s
PASS [library] tests::volume_write::failed_write_is_not_published 0.061s
PASS [library] tests::volume_write::log_full_write_leaves_last_successful_value_readable_after_reopen 0.060s
PASS [library] tests::volume_write::multiple_lbas_read_correctly_before_and_after_reopen 0.060s
PASS [library] tests::volume_write::out_of_range_write_leaves_mapping_and_cursors_unchanged 0.060s
PASS [library] tests::volume_write::overwriting_lba_with_zeroes_returns_zeroes_before_and_after_reopen 0.060s
PASS [library] tests::volume_write::public_operations_complete_v0_4_acceptance 0.060s
PASS [library] tests::volume_write::raw_footer_linkage_and_lsns_are_contiguous 0.050s
PASS [library] tests::volume_write::repeated_overwrite_returns_only_latest_value 0.050s
PASS [library] tests::volume_write::write_block_appends_complete_raw_record_and_publishes_mapping 0.070s
PASS [binary] tests::adapter_targets_exact_lba_and_flushes_with_stale_descriptor_geometry 0.081s
PASS [binary] tests::configures_exact_v07_target_parameters 0.050s
PASS [binary] tests::configures_one_depth_one_4k_queue 0.060s
PASS [binary] tests::configures_unprivileged_control_without_user_recovery 0.050s
PASS [binary] tests::daemon_shutdown_propagates_each_error 0.050s
PASS [binary] tests::decodes_only_exact_supported_requests 0.050s
PASS [binary] tests::exclusive_backing_lock_tracks_the_inode_and_owner_process 0.070s
PASS [binary] tests::failfast_read_hints_preserve_results_and_geometry_checks 0.060s
PASS [binary] tests::fatal_engine_error_is_completed_before_post_failure_work_is_rejected 0.081s
PASS [binary] tests::fetched_requests_complete_once_without_shutdown_or_post_failure_engine_io 0.061s
PASS [binary] tests::format_new_never_overwrites_an_existing_path 0.060s
PASS [binary] tests::format_new_removes_created_file_after_engine_validation_failure 0.070s
PASS [binary] tests::format_new_sizes_formats_and_opens_exact_image 0.080s
PASS [binary] tests::maps_engine_capacity_and_fatal_errors_to_stable_errno 0.071s
PASS [binary] tests::metadata_hint_preserves_read_write_decoding_and_validation 0.071s
PASS [binary] tests::parses_explicit_commands 0.060s
PASS [binary] tests::readiness_line_is_explicitly_flushed_and_flush_errors_are_returned 0.060s
PASS [binary] tests::rejects_an_unexpected_libublk_buffer_size_without_engine_io 0.070s
PASS [binary] tests::rejects_fua_and_unknown_flags_even_with_metadata_hint 0.060s
PASS [binary] tests::rejects_invalid_arguments_and_negative_delete_ids 0.060s
PASS [binary] tests::shutdown_reports_queue_and_close_errors 0.070s
PASS [binary] tests::shutdown_waits_for_in_flight_work_before_stopping 0.080s
PASS [binary] tests::signal_state_stops_new_work_and_handler_is_restored 0.071s
PASS [binary] tests::stop_control_uses_recorded_id_on_stop_thread 0.071s
PASS [lab] config::tests::validates_arguments 0.060s
PASS [lab] config::tests::validates_environment_and_defaults 0.070s
PASS [lab] evidence::tests::evidence_files_are_create_new 0.060s
PASS [lab] ext4::commands::tests::cleanup_refuses_unexpected_entries_before_removing_backing 0.071s
PASS [lab] ext4::commands::tests::failed_and_timed_out_commands_preserve_output_and_reap_children 0.184s
PASS [lab] ext4::commands::tests::filesystem_commands_use_defaults_and_read_only_checks 0.071s
PASS [lab] ext4::commands::tests::runtime_preflight_requires_an_existing_private_owned_directory 0.060s
PASS [lab] ext4::commands::tests::suite_deadline_prevents_spawning_another_command 0.060s
PASS [lab] ext4::lifecycle::tests::readiness_never_accepts_arbitrary_devices_or_extra_output 0.060s
PASS [lab] ext4::tests::acceptance_plan_has_four_unmounted_checks_and_clean_restart 0.060s
PASS [lab] ext4::workload::tests::workload_verifies_exact_contents_and_rejects_corruption 0.111s
PASS [lab] fs_support::tests::mount_checks_reject_wrong_source_aliases_and_nested_mounts 0.061s
PASS [lab] fs_support::tests::only_generated_directory_names_are_accepted 0.060s
PASS [lab] fs_support::tests::parses_mountinfo_escapes_and_rejects_malformed_records 0.060s
PASS [lab] process_tests::descendant_leaf_child 0.060s
PASS [lab] process_tests::descendant_parent_child 0.060s
PASS [lab] process_tests::managed_child_drop_reaps_the_process 0.070s
PASS [lab] process_tests::managed_child_supports_exact_kill 0.070s
PASS [lab] process_tests::managed_child_supports_explicit_term_and_cleanup 0.071s
PASS [lab] process_tests::normal_child 0.061s
PASS [lab] process_tests::normal_exit_is_reported 0.061s
PASS [lab] process_tests::sleeping_child 0.070s
PASS [lab] process_tests::timeout_cleans_descendant_process_group 2.085s SLOW(>1s)
PASS [lab] process_tests::timeout_is_reported 0.183s
PASS [lab] suite::tests::classifies_and_formats_timings 0.061s
PASS [lab] suite::tests::parses_only_test_entries 0.070s
PASS [lab] ublk::tests::expected_geometry_matches_the_ublk_acceptance_shape 0.050s
PASS [lab] ublk::tests::ext4_geometry_is_validated_independently_of_fio_geometry 0.060s
PASS [lab] ublk::tests::fio_command_never_saves_verify_state_in_the_caller_directory 0.060s
PASS [lab] ublk::tests::installed_fio_accepts_constructed_commands 0.695s
PASS [lab] ublk::tests::owned_directory_requires_its_original_identity_and_marker 0.060s
PASS [lab] ublk::tests::parses_only_exact_canonical_device_paths 0.050s
PASS [lab] ublk::tests::validates_parameterized_sysfs_geometry_and_identity 0.060s
PASS [lab] ublk_fio::scenario::tests::every_exact_command_shape_has_expected_budget_and_seed 0.060s
PASS [lab] ublk_fio::scenario::tests::output_names_never_reuse_owned_paths 0.070s
PASS [lab] ublk_fio::scenario::tests::parses_only_required_fio_numeric_fields 0.070s
PASS [lab] ublk_fio::scenario::tests::restart_and_fault_transitions_are_explicit 0.050s
PASS [lab] ublk_fio::scenario::tests::scenario_count_repetitions_and_write_budgets_are_exact 0.060s
PASS [lab] ublk_fio::tests::cleanup_deletes_recorded_id_for_same_stopped_identity 0.070s
PASS [lab] ublk_fio::tests::cleanup_refuses_ambiguous_identity_and_preserves_backing 0.060s
PASS [lab] ublk_fio::tests::cleanup_refuses_changed_identity_and_preserves_backing 0.060s
PASS [lab] ublk_fio::tests::command_construction_is_exact_and_bounded 0.060s
PASS [lab] ublk_fio::tests::control_preflight_accepts_accessible_character_device 0.071s
PASS [lab] ublk_fio::tests::control_preflight_reports_inaccessible_node_observations_and_remedy 0.071s
PASS [lab] ublk_fio::tests::control_preflight_reports_missing_node_with_operator_command 0.061s
PASS [lab] ublk_fio::tests::control_preflight_reports_wrong_node_type 0.060s
PASS [lab] ublk_fio::tests::device_identity_states_distinguish_active_stopped_replaced_and_absent 0.060s
PASS [lab] ublk_fio::tests::empty_child 0.060s
PASS [lab] ublk_fio::tests::failed_fio_records_both_outputs_before_returning_status_error 0.060s
PASS [lab] ublk_fio::tests::kill_daemon_rejects_a_different_unsuccessful_exit 0.080s
PASS [lab] ublk_fio::tests::kill_daemon_requires_and_records_exact_sigkill 0.070s
PASS [lab] ublk_fio::tests::partially_present_device_identity_is_ambiguous 0.071s
PASS [lab] ublk_fio::tests::preflight_failure_creates_no_evidence_temp_or_device_resource 0.080s
PASS [lab] ublk_fio::tests::readiness_polls_fake_roots_and_current_exe_child 0.101s
PASS [lab] ublk_fio::tests::readiness_reports_early_exit_and_timeout 0.131s
PASS [lab] ublk_fio::tests::readiness_times_out_while_device_access_remains_permission_denied 0.111s
PASS [lab] ublk_fio::tests::readiness_validates_identity_before_retrying_permission_denied_access 0.111s
PASS [lab] ublk_fio::tests::readiness_writer_child 0.061s
PASS [lab] ublk_fio::tests::remove_after_kill_changed_identity_never_retries_into_deletion 0.060s
PASS [lab] ublk_fio::tests::remove_after_kill_preserves_last_persistent_ambiguity_without_delete 0.060s
PASS [lab] ublk_fio::tests::remove_after_kill_retries_partial_identity_until_stopped_matching 0.060s
PASS [lab] ublk_fio::tests::sleeping_child 0.070s
PASS [lab] ublk_fio::tests::unsuccessful_child 0.060s
PASS [lab] ublk_fio::tests::validates_owned_backing_path_identity_and_size 0.060s
PASS [mount-helper] fs_support::tests::mount_checks_reject_wrong_source_aliases_and_nested_mounts 0.071s
PASS [mount-helper] fs_support::tests::only_generated_directory_names_are_accepted 0.050s
PASS [mount-helper] fs_support::tests::parses_mountinfo_escapes_and_rejects_malformed_records 0.070s
PASS [mount-helper] tests::helper_rejects_paths_options_and_arbitrary_device_names 0.060s
PASS [mount-helper] tests::helper_requires_kernel_ownership_unprivileged_flag_and_exact_geometry 0.070s
[doc] no tests
exit_status: 0
